// Jest Snapshot v1, https://goo.gl/fbAQLP

exports[`Navbar Should render the nav bar 1`] = `
<Component>
  <Component
    alignItems="center"
    bg="text.dark"
    direction={
      Array [
        "column",
        "row",
      ]
    }
  >
    <Component
      flex={2}
      pl={3}
      width={1}
    >
      <Component
        color="gray.light"
        fontSize={
          Array [
            0,
            1,
          ]
        }
      >
        This is supposed to be a time
      </Component>
    </Component>
    <Component
      flex={1}
      width={1}
    >
      <Component
        align="center"
        color="gray.light"
        fontSize={
          Array [
            0,
            1,
          ]
        }
      >
        This is supposed to be a time
      </Component>
    </Component>
    <Component
      flex={2}
      justifyContent="flex-end"
      pr={3}
      width={1}
    >
      <Component
        color="gray.light"
        fontSize={
          Array [
            0,
            1,
          ]
        }
      >
        Name Surname
      </Component>
    </Component>
  </Component>
</Component>
`;
